// Jest Snapshot v1, https://goo.gl/fbAQLP

exports[`Segment should match snapshot 1`] = `
<div class="segment">
  <div class="segment-container">
    <div class="slot"></div>
  </div>
</div>
`;
