// Jest Snapshot v1, https://goo.gl/fbAQLP

exports[`ScrollingText should match snapshot 1`] = `<div class="scrolling-text"></div>`;
