// Jest Snapshot v1, https://goo.gl/fbAQLP

exports[`Card should match snapshot 1`] = `
<div class="card">
  <div class="slot"></div>
</div>
`;
